SELECT babelfish_integrity_checker_vu_prepare_func();
GO
~~START~~
bit
1
~~END~~


SELECT * FROM babelfish_integrity_checker_vu_prepare_view;
GO
~~START~~
bit
1
~~END~~


EXEC babelfish_integrity_checker_vu_prepare_proc;
GO
~~START~~
bit
1
~~END~~


-- List down all configuration tables of babelfishpg_tsql extension
SELECT relname FROM pg_class WHERE oid IN (SELECT unnest(extconfig) FROM pg_extension WHERE extname = 'babelfishpg_tsql');
GO
~~START~~
varchar
babelfish_view_def
babelfish_sysdatabases
babelfish_db_seq
babelfish_function_ext
babelfish_namespace_ext
babelfish_authid_login_ext
babelfish_authid_user_ext
babelfish_domain_mapping
~~END~~

