USE master
go

CREATE DATABASE babel_2418_db
go

USE babel_2418_db
go

CREATE SCHEMA babel_2418_schema1
go

CREATE SCHEMA babel_2418_schema2
go

SELECT nspname FROM sys.babelfish_namespace_ext;
go
~~START~~
varchar
master_dbo
master_guest
tempdb_dbo
tempdb_guest
msdb_dbo
msdb_guest
dbo
babel_2418_db_guest
babel_2418_schema1
babel_2418_schema2
~~END~~


USE master
go

DROP DATABASE babel_2418_db
go

SELECT nspname FROM sys.babelfish_namespace_ext;
go
~~START~~
varchar
master_dbo
master_guest
tempdb_dbo
tempdb_guest
msdb_dbo
msdb_guest
~~END~~

