use test_babel730
go

-- drop table/view/function/procedure
drop table test_log
go

drop function TestLogFunction
go

drop function TestLog10Function
go

drop function TestLogFunctionWithBase
go

drop procedure TestLogProcedure
go

drop procedure TestLog10Procedure
go

drop procedure TestLogProcedureWithBase
go

drop view TestLogView
go

drop view TestLog10View
go

drop view TestLogBaseView
go

use master
go

drop database test_babel730
go
