EXECUTE babel_3802_vu_prepare_t_p1
GO
~~START~~
int
1000000
~~END~~


EXECUTE babel_3802_vu_prepare_t_p2
GO
~~START~~
int#!#int#!#int
-32768#!#32767#!#0
~~END~~


EXECUTE babel_3802_vu_prepare_t_p3
GO
~~START~~
int#!#int#!#int
0#!#255#!#0
~~END~~


SELECT * FROM babel_3802_vu_prepare_t_v1
GO
~~START~~
int#!#int#!#int
-32768#!#32767#!#0
~~END~~


SELECT * FROM babel_3802_vu_prepare_t_v1
GO
~~START~~
int#!#int#!#int
-32768#!#32767#!#0
~~END~~

