use master;
go


CREATE TABLE t453_real(a real);
CREATE TABLE t453_dp(a double precision);
-- binary -> real
declare @a binary(4) = 0xabcdabcd;
select (cast (@a as real));
go
~~ERROR (Code: 33557097)~~

~~ERROR (Message: cannot cast type "binary" to real)~~

declare @a binary(4) = 0xabcdabcd;
insert into t453_real values (@a);
go
~~ERROR (Code: 33557097)~~

~~ERROR (Message: column "a" is of type real but expression is of type "binary")~~


-- binary -> double precision
declare @a binary(4) = 0xabcdabcd;
select (cast (@a as double precision));
go
~~ERROR (Code: 33557097)~~

~~ERROR (Message: cannot cast type "binary" to double precision)~~

declare @a binary(4) = 0xabcdabcd;
insert into t453_dp values (@a);
go
~~ERROR (Code: 33557097)~~

~~ERROR (Message: column "a" is of type double precision but expression is of type "binary")~~


-- varbinary -> real
declare @a varbinary(4) = 0xabcdabcd;
select (cast (@a as real));
go
~~ERROR (Code: 33557097)~~

~~ERROR (Message: cannot cast type varbinary to real)~~

declare @a varbinary(4) = 0xabcdabcd;
insert into t453_real values (@a);
go
~~ERROR (Code: 33557097)~~

~~ERROR (Message: column "a" is of type real but expression is of type varbinary)~~


-- varbinary -> double precision
declare @a varbinary(4) = 0xabcdabcd;
select (cast (@a as double precision));
go
~~ERROR (Code: 33557097)~~

~~ERROR (Message: cannot cast type varbinary to double precision)~~

declare @a varbinary(4) = 0xabcdabcd;
insert into t453_dp values (@a);
go
~~ERROR (Code: 33557097)~~

~~ERROR (Message: column "a" is of type double precision but expression is of type varbinary)~~


-- reported case
CREATE PROCEDURE p453(@val real) AS
BEGIN
  DECLARE @BinaryVariable sys.varbinary(4) = @val
  PRINT @BinaryVariable
  PRINT cast(@BinaryVariable as real)
END
GO
EXEC p453 1.1;
GO
~~ERROR (Code: 33557097)~~

~~ERROR (Message: cannot cast type varbinary to real)~~


DROP PROCEDURE p453;
DROP TABLE t453_real;
DROP TABLE t453_dp;
GO
