DROP LOGIN [babel\aduser];
GO

DROP LOGIN babeluser;
GO

DROP LOGIN [babel\babeluser];
GO
~~ERROR (Code: 33557097)~~

~~ERROR (Message: Cannot drop the login 'babel\babeluser', because it does not exist or you do not have permission.)~~

