select name from sys.columns where name = 'Test';
go
~~START~~
varchar
test
~~END~~


select name from sys.columns where name = 'TesT';
go
~~START~~
varchar
test
~~END~~


select COUNT(*) FROM sys.tables WHERE name = 'cameltable';
go
~~START~~
int
1
~~END~~


select COUNT(*) FROM sys.tables WHERE name = 'CAMELTABLE';
go
~~START~~
int
1
~~END~~


select COUNT(*) FROM sys.tables WHERE name = 'CaMeLtAbLe';
go
~~START~~
int
1
~~END~~


SELECT COUNT(*) FROM sys.columns WHERE name = 'cAmElCoLuMn';
go
~~START~~
int
1
~~END~~


select COUNT(*) FROM sys.views WHERE name = 'CAMELview';
go
~~START~~
int
0
~~END~~


select name from sys.databases where name = 'test';
go
~~START~~
varchar
test
~~END~~


select name from sys.databases where name = 'TEST';
go
~~START~~
varchar
test
~~END~~


select * from vB;
go
~~START~~
text
case-insensitive
~~END~~


SELECT t.TABLE_NAME
FROM INFORMATION_SCHEMA.TABLES AS t
JOIN sys.objects o ON t.TABLE_NAME = o.name where o.name = 'mytable' AND o.object_id != 0;
go
~~START~~
varchar
MyTable
~~END~~


-- [BABEL-2981]
-- sys.sysname and other string types in Babelfish need to have the correct collation
select typ.typname, coll.collname from pg_type typ join pg_collation coll on typ.typcollation = coll.oid where typnamespace = (select oid from pg_namespace where nspname = 'sys');
go
~~START~~
varchar#!#varchar
bpchar#!#bbf_unicode_cp1_ci_as
_bpchar#!#bbf_unicode_cp1_ci_as
nchar#!#bbf_unicode_cp1_ci_as
_nchar#!#bbf_unicode_cp1_ci_as
varchar#!#bbf_unicode_cp1_ci_as
_varchar#!#bbf_unicode_cp1_ci_as
nvarchar#!#bbf_unicode_cp1_ci_as
_nvarchar#!#bbf_unicode_cp1_ci_as
ntext#!#default
_ntext#!#default
sysname#!#bbf_unicode_cp1_ci_as
_sysname#!#bbf_unicode_cp1_ci_as
sql_variant#!#bbf_unicode_cp1_ci_as
_sql_variant#!#bbf_unicode_cp1_ci_as
_ci_sysname#!#bbf_unicode_cp1_ci_as
__ci_sysname#!#bbf_unicode_cp1_ci_as
~~END~~

