SELECT srvname, srvoptions FROM pg_foreign_server
GO
~~START~~
varchar#!#varchar
mssql_server#!#{servername=localhost,database=master,query_timeout=4}
~~END~~

