-- enable FULLTEXT
SELECT set_config('role', 'jdbc_user', false);
GO
~~START~~
text
jdbc_user
~~END~~


SELECT set_config('babelfishpg_tsql.escape_hatch_fulltext', 'ignore', 'false')
GO
~~START~~
text
ignore
~~END~~


CREATE DATABASE fti_test_db;
GO

USE fti_test_db;
GO

-- Index creation on different character data type columns
CREATE TABLE fti_table_t1(a text);
GO

CREATE FULLTEXT INDEX ON fti_table_t1(a) KEY INDEX IX_t1_a;
GO

CREATE TABLE fti_table_t2(b char(10));
GO

CREATE FULLTEXT INDEX ON fti_table_t2(b) KEY INDEX IX_t2_b;
GO

CREATE TABLE fti_table_t3(c varchar(10));
GO

CREATE FULLTEXT INDEX ON fti_table_t3(c) KEY INDEX IX_t3_c;
GO

CREATE TABLE fti_table_t4(d nvarchar(10));
GO

CREATE FULLTEXT INDEX ON fti_table_t4(d) KEY INDEX IX_t4_d;
GO

CREATE TABLE fti_table_t5(e nchar(10));
GO

CREATE FULLTEXT INDEX ON fti_table_t5(e) KEY INDEX IX_t5_e;
GO

CREATE TABLE fti_table_t6(f ntext);
GO

CREATE FULLTEXT INDEX ON fti_table_t6(f) KEY INDEX IX_t6_f;
GO

CREATE TABLE fti_table_t7(a1 text, b1 char(10), c1 varchar(10));
GO

-- multi column index creation
CREATE FULLTEXT INDEX ON fti_table_t7(a1, b1, c1) KEY INDEX IX_t7_a1b1c1;
GO

-- checking if the indexes are created correctly
CREATE VIEW fti_prepare_v1 AS (SELECT * FROM pg_indexes WHERE tablename='fti_table_t1');
GO

CREATE PROCEDURE fti_prepare_p1 AS (SELECT * FROM pg_indexes WHERE tablename='fti_table_t2');
GO


CREATE FUNCTION fti_prepare_f1()
RETURNS NVARCHAR(MAX) AS
BEGIN
    DECLARE @indexName NVARCHAR(MAX);
    SELECT @indexName= indexname 
    FROM pg_indexes 
    WHERE tablename='fti_table_t3';
    RETURN @indexName;
END
GO

-- Creating index in a new schema
CREATE SCHEMA fti_schema_s1;
GO

CREATE TABLE fti_schema_s1.fti_table_t8(a text, b text);
GO

CREATE FULLTEXT INDEX ON fti_schema_s1.fti_table_t8(a) KEY INDEX IX_s1_t8_a;
GO

CREATE SCHEMA fti_schema_s2;
GO

CREATE TABLE fti_schema_s2.fti_table_t8(a text, b text);
GO

-- Case for same table name on different schemas
CREATE FULLTEXT INDEX ON fti_schema_s2.fti_table_t8(a) KEY INDEX IX_s2_t8_a;
GO

-- Table for testing dropping non-existent index, should throw error on dropping
CREATE TABLE fti_table_no_ix(a text)
GO

-- Table for testing unsupported options
CREATE TABLE fti_table_unsupported(a text)
GO

-- disable FULLTEXT
SELECT set_config('role', 'jdbc_user', false);
GO
~~START~~
text
jdbc_user
~~END~~


SELECT set_config('babelfishpg_tsql.escape_hatch_fulltext', 'strict', 'false')
GO
~~START~~
text
strict
~~END~~

