create table t ( a varchar(30))
GO

insert into t values ('abc'),('bbc'),('cbc')
GO
~~ROW COUNT: 3~~


select * from t where a like '[abc]bc';
GO
~~START~~
varchar
abc
bbc
cbc
~~END~~


select * from t where a like '[a-c]bc';
GO
~~START~~
varchar
abc
bbc
cbc
~~END~~


select * from t where a like '[abc]_c';
GO
~~START~~
varchar
abc
bbc
cbc
~~END~~


select * from t where a like '[a]%c';
GO
~~START~~
varchar
abc
~~END~~


select * from t where a like '%[abc]c';
GO
~~START~~
varchar
abc
bbc
cbc
~~END~~


select * from t where a like '[%]bc';
GO
~~START~~
varchar
~~END~~


select * from t where a like '[_]bc';
GO
~~START~~
varchar
~~END~~


select * from t where a like 'a[bc]c';
GO
~~START~~
varchar
abc
~~END~~


select * from t where a like '[a-z][a-z]c';
GO
~~START~~
varchar
abc
bbc
cbc
~~END~~


select * from t where a like '[^ a][a-z]c';
GO
~~START~~
varchar
bbc
cbc
~~END~~


select * from t where a like '[^ a-b][a-z]c';
GO
~~START~~
varchar
cbc
~~END~~


select * from t where a like '[0-9a-f][0-9a-f][0-9a-f]';
GO
~~START~~
varchar
abc
bbc
cbc
~~END~~


insert into t values (']bc')
GO
~~ROW COUNT: 1~~


insert into t values ('[bc')
GO
~~ROW COUNT: 1~~


select * from t where a like ('[]]bc');
GO
~~START~~
varchar
~~END~~


select * from t where a like ('[[]bc');
GO
~~START~~
varchar
[bc
~~END~~


insert into t values ('11.22');
GO
~~ROW COUNT: 1~~


select * from t where a like '[0-9][0-9].[0-9][0-9]'
GO
~~START~~
varchar
11.22
~~END~~


create table t2 ( b varchar(30) collate BBF_Unicode_General_CS_AS)
GO

insert into t2 values ('[abc]bc'),('[abc]_c'),('[]]bc'),('[[]bc'),('%[abc]c'),('[^ a-b][a-z]c'),('[0-9][0-9].[0-9][0-9]')
GO
~~ROW COUNT: 7~~


select * from t2 join t on a like b;
GO
~~START~~
varchar#!#varchar
[abc]bc#!#abc
[abc]bc#!#bbc
[abc]bc#!#cbc
[abc]_c#!#abc
[abc]_c#!#bbc
[abc]_c#!#cbc
[[]bc#!#[bc
%[abc]c#!#abc
%[abc]c#!#bbc
%[abc]c#!#cbc
%[abc]c#!#]bc
%[abc]c#!#[bc
[^ a-b][a-z]c#!#cbc
[^ a-b][a-z]c#!#]bc
[^ a-b][a-z]c#!#[bc
[0-9][0-9].[0-9][0-9]#!#11.22
~~END~~


drop table t2;
GO

drop table t;
GO
