DROP TABLE t_perms_by_name
GO

DROP FUNCTION has_perms_by_name_func
GO
