SELECT * FROM sys.data_spaces;
GO
~~START~~
nvarchar#!#int#!#char#!#nvarchar#!#bit#!#bit
PRIMARY#!#1#!#FG#!#ROWS_FILEGROUP#!#1#!#0
~~END~~

