-- tsql
exec sys.sp_volatility 'f1'
go
~~START~~
text#!#varchar#!#varchar
dbo#!#f1#!#v
~~END~~

exec sys.sp_volatility 'f1', 'stable'
go
exec sys.sp_volatility 'f1'
go
~~START~~
text#!#varchar#!#varchar
dbo#!#f1#!#s
~~END~~

exec sys.sp_volatility 'f1', 'immutable'
go
exec sys.sp_volatility 'f1'
go
~~START~~
text#!#varchar#!#varchar
dbo#!#f1#!#i
~~END~~

exec sys.sp_volatility 'f1', 'volatile'
go
exec sys.sp_volatility 'f1'
go
~~START~~
text#!#varchar#!#varchar
dbo#!#f1#!#v
~~END~~

exec sys.sp_volatility 'f1', 'random'
go
~~ERROR (Code: 33557097)~~

~~ERROR (Message: Enter a valid volatility)~~

exec sys.sp_volatility 'f1'
go
~~START~~
text#!#varchar#!#varchar
dbo#!#f1#!#v
~~END~~


exec sys.sp_volatility 'a.f1'
go
~~START~~
text#!#varchar#!#varchar
a#!#f1#!#v
~~END~~

exec sys.sp_volatility 'a.f1', 'stable'
go
exec sys.sp_volatility 'a.f1'
go
~~START~~
text#!#varchar#!#varchar
a#!#f1#!#s
~~END~~

exec sys.sp_volatility 'a.f1', 'immutable'
go
exec sys.sp_volatility 'a.f1'
go
~~START~~
text#!#varchar#!#varchar
a#!#f1#!#i
~~END~~

exec sys.sp_volatility 'a.f1', 'volatile'
go
exec sys.sp_volatility 'a.f1'
go
~~START~~
text#!#varchar#!#varchar
a#!#f1#!#v
~~END~~

exec sys.sp_volatility 'a.f1', 'random'
go
~~ERROR (Code: 33557097)~~

~~ERROR (Message: Enter a valid volatility)~~

exec sys.sp_volatility 'a.f1'
go
~~START~~
text#!#varchar#!#varchar
a#!#f1#!#v
~~END~~


/* testing for trailing spaces */
exec sys.sp_volatility 'f1   ', 'stable   '
go
exec sys.sp_volatility 'f1'
go
~~START~~
text#!#varchar#!#varchar
dbo#!#f1#!#s
~~END~~


/* testing for some invalid cases */
exec sys.sp_volatility 'master.a.f1'
go
~~ERROR (Code: 33557097)~~

~~ERROR (Message: master.a.f1 function not found)~~

exec sys.sp_volatility 'random_function'
go
~~ERROR (Code: 33557097)~~

~~ERROR (Message: random_function function not found)~~

exec sys.sp_volatility '','stable'
go
~~ERROR (Code: 33557097)~~

~~ERROR (Message: Enter a valid Function Name)~~


/* testing for injection */
exec sys.sp_volatility 'ran;dom'
go
~~ERROR (Code: 33557097)~~

~~ERROR (Message: ran;dom function not found)~~

exec sys.sp_volatility 'f1', 'immutable; some random text'
go
~~ERROR (Code: 33557097)~~

~~ERROR (Message: Enter a valid volatility)~~

exec sys.sp_volatility 'f1'
go
~~START~~
text#!#varchar#!#varchar
dbo#!#f1#!#s
~~END~~


/* testing to get all functions in current db */
exec sys.sp_volatility
go
~~START~~
text#!#varchar#!#varchar
a#!#f1#!#v
dbo#!#f1#!#s
~~END~~


-- tsql user=test_user password=abc
/* test for default schema */
use test_db
go
exec sys.sp_volatility 'f1'
go
~~START~~
text#!#varchar#!#varchar
test_schema#!#f1#!#v
~~END~~

exec sys.sp_volatility 'f1    '
go
~~START~~
text#!#varchar#!#varchar
test_schema#!#f1#!#v
~~END~~

exec sys.sp_volatility
go
~~START~~
text#!#varchar#!#varchar
db#!#f1#!#v
~~END~~


-- psql
-- Need to terminate active session before cleaning up the login
SELECT pg_terminate_backend(pid) FROM pg_stat_get_activity(NULL)
WHERE sys.suser_name(usesysid) = 'test_user' AND backend_type = 'client backend' AND usesysid IS NOT NULL;
GO
~~START~~
bool
t
~~END~~

-- Wait to sync with another session
SELECT pg_sleep(1);
GO
~~START~~
void

~~END~~

