DECLARE @class NCHAR(30) = N'Anikait Agrawal'
SELECT '[' + @class + ']' WHERE (@class) = N'Anikait Agrawal'
SELECT '[' + @class + ']' WHERE upper(@class) = N'Anikait Agrawal'
SELECT '[' + @class + ']' WHERE upper(@class) = N'ANIKAIT AGRAWAL'
SELECT '[' + @class + ']' WHERE upper(@class) = N'Anikait Agrawal '
SELECT '[' + @class + ']' WHERE lower(@class) = N'Anikait Agrawal'
SELECT '[' + @class + ']' WHERE lower(@class) = N'anikait agrawal'
SELECT '[' + @class + ']' WHERE lower(@class) = N'Anikait Agrawal '
GO
~~START~~
nvarchar
[Anikait Agrawal               ]
~~END~~

~~START~~
nvarchar
[Anikait Agrawal               ]
~~END~~

~~START~~
nvarchar
[Anikait Agrawal               ]
~~END~~

~~START~~
nvarchar
[Anikait Agrawal               ]
~~END~~

~~START~~
nvarchar
[Anikait Agrawal               ]
~~END~~

~~START~~
nvarchar
[Anikait Agrawal               ]
~~END~~

~~START~~
nvarchar
[Anikait Agrawal               ]
~~END~~


DECLARE @class CHAR(30) = N'Anikait Agrawal'
SELECT '[' + @class + ']' WHERE (@class) = N'Anikait Agrawal'
SELECT '[' + @class + ']' WHERE upper(@class) = N'Anikait Agrawal'
SELECT '[' + @class + ']' WHERE upper(@class) = N'ANIKAIT AGRAWAL'
SELECT '[' + @class + ']' WHERE upper(@class) = N'Anikait Agrawal '
SELECT '[' + @class + ']' WHERE lower(@class) = N'Anikait Agrawal'
SELECT '[' + @class + ']' WHERE lower(@class) = N'anikait agrawal'
SELECT '[' + @class + ']' WHERE lower(@class) = N'Anikait Agrawal '
GO
~~START~~
varchar
[Anikait Agrawal               ]
~~END~~

~~START~~
varchar
[Anikait Agrawal               ]
~~END~~

~~START~~
varchar
[Anikait Agrawal               ]
~~END~~

~~START~~
varchar
[Anikait Agrawal               ]
~~END~~

~~START~~
varchar
[Anikait Agrawal               ]
~~END~~

~~START~~
varchar
[Anikait Agrawal               ]
~~END~~

~~START~~
varchar
[Anikait Agrawal               ]
~~END~~


DECLARE @class NCHAR = N'Anikait Agrawal'
SELECT '[' + @class + ']' WHERE upper(@class) = N'ANIKAIT AGRAWAL'
SELECT '[' + @class + ']' WHERE lower(@class) = N'anikait agrawal'
GO
~~START~~
nvarchar
~~END~~

~~START~~
nvarchar
~~END~~


DECLARE @class CHAR = N'Anikait Agrawal'
SELECT '[' + @class + ']' WHERE upper(@class) = N'ANIKAIT AGRAWAL'
SELECT '[' + @class + ']' WHERE lower(@class) = N'anikait agrawal'
GO
~~START~~
varchar
~~END~~

~~START~~
varchar
~~END~~


-- different result from TSQL, should be fixed under BABEL-4807
declare @string1 varchar(30) = N'比尔·拉' COLLATE chinese_prc_ci_as
SELECT UPPER(@string1)
SELECT UPPER(@string1) COLLATE chinese_prc_ci_as
SELECT LOWER(@string1)
SELECT LOWER(@string1) COLLATE chinese_prc_ci_as
go
~~START~~
varchar
比尔·拉
~~END~~

~~START~~
varchar
比尔·拉
~~END~~

~~START~~
varchar
比尔·拉
~~END~~

~~START~~
varchar
比尔·拉
~~END~~


declare @string1 char(30) = N'比尔·拉' COLLATE chinese_prc_ci_as
SELECT UPPER(@string1)
SELECT UPPER(@string1) COLLATE chinese_prc_ci_as
SELECT LOWER(@string1)
SELECT LOWER(@string1) COLLATE chinese_prc_ci_as
go
~~START~~
varchar
比尔·拉                      
~~END~~

~~START~~
varchar
比尔·拉                      
~~END~~

~~START~~
varchar
比尔·拉                      
~~END~~

~~START~~
varchar
比尔·拉                      
~~END~~


SELECT UPPER(NULL)
SELECT LOWER(NULL)
GO
~~START~~
varchar
<NULL>
~~END~~

~~START~~
varchar
<NULL>
~~END~~


DECLARE @inputString BINARY(30) = 0x4142434445
SELECT UPPER(@inputString)
SELECT LOWER(@inputString)
GO
~~START~~
varchar
ABCDE
~~END~~

~~START~~
varchar
abcde
~~END~~


DECLARE @inputString VARBINARY(30) = 0x4142434445
SELECT UPPER(@inputString)
SELECT LOWER(@inputString)
GO
~~START~~
varchar
ABCDE
~~END~~

~~START~~
varchar
abcde
~~END~~


-- different result from TSQL, should be fixed under BABEL-4803
declare @string1 nchar(30) = N'比尔·拉';
select UPPER(@string1)
select LOWER(@string1)
GO
~~START~~
nvarchar
比尔·拉                      
~~END~~

~~START~~
nvarchar
比尔·拉                      
~~END~~


declare @string1 nvarchar(30) = N'比尔·拉';
select UPPER(@string1)
select LOWER(@string1)
GO
~~START~~
nvarchar
比尔·拉
~~END~~

~~START~~
nvarchar
比尔·拉
~~END~~


declare @string1 char(30) = N'比尔·拉';
select UPPER(@string1)
select LOWER(@string1)
GO
~~START~~
varchar
比尔·拉                      
~~END~~

~~START~~
varchar
比尔·拉                      
~~END~~


declare @string1 varchar(30) = N'比尔·拉';
select UPPER(@string1)
select LOWER(@string1)
GO
~~START~~
varchar
比尔·拉
~~END~~

~~START~~
varchar
比尔·拉
~~END~~


SELECT * from upper_lower_dt;
GO
~~START~~
varchar#!#nvarchar#!#char#!#nchar
ANIKAIT #!#agrawal #!#anikait             #!#AGRAWAL                 
 ANIKAIT#!# agrawal#!# anikait            #!# AGRAWAL                
   A#!#   🤣😃#!#   a                #!#   🤣😃                 
 #!# #!#                    #!#                        
 #!#😊😋😎😍😅😆#!#                    #!#😊😋😎😍😅😆            
#!##!#                    #!#                        
A#!#a#!#A                   #!#a                       
<NULL>#!#<NULL>#!#<NULL>#!#<NULL>
比尔·拉#!#比尔·拉#!#比尔·拉            #!#比尔·拉                    
~~END~~

SELECT * from upper_lower_dt where UPPER(a) = N'Anikait';
GO
~~START~~
varchar#!#nvarchar#!#char#!#nchar
ANIKAIT #!#agrawal #!#anikait             #!#AGRAWAL                 
~~END~~

SELECT * from upper_lower_dt where LOWER(c) = N'比尔·拉';
GO
~~START~~
varchar#!#nvarchar#!#char#!#nchar
比尔·拉#!#比尔·拉#!#比尔·拉            #!#比尔·拉                    
~~END~~

SELECT * from upper_lower_dt where LOWER(d) = N'比尔·拉';
GO
~~START~~
varchar#!#nvarchar#!#char#!#nchar
比尔·拉#!#比尔·拉#!#比尔·拉            #!#比尔·拉                    
~~END~~

